// Jest Snapshot v1, https://goo.gl/fbAQLP

exports[`minimal usage 1`] = `
Object {
  "Outputs": Object {
    "DistributionDomainName": Object {
      "Value": Object {
        "Fn::GetAtt": Array [
          "CloudFrontDistributionBA64CE3A",
          "DomainName",
        ],
      },
    },
  },
  "Parameters": Object {
    "AssetParameters0b92b49f05977070b95f7c4cca7037763ccb7a51eb2f0502d8daa507cbfbea32ArtifactHash0686184E": Object {
      "Description": "Artifact hash for asset \\"0b92b49f05977070b95f7c4cca7037763ccb7a51eb2f0502d8daa507cbfbea32\\"",
      "Type": "String",
    },
    "AssetParameters0b92b49f05977070b95f7c4cca7037763ccb7a51eb2f0502d8daa507cbfbea32S3BucketF1B314A0": Object {
      "Description": "S3 bucket for asset \\"0b92b49f05977070b95f7c4cca7037763ccb7a51eb2f0502d8daa507cbfbea32\\"",
      "Type": "String",
    },
    "AssetParameters0b92b49f05977070b95f7c4cca7037763ccb7a51eb2f0502d8daa507cbfbea32S3VersionKeyDDE30621": Object {
      "Description": "S3 key for asset version \\"0b92b49f05977070b95f7c4cca7037763ccb7a51eb2f0502d8daa507cbfbea32\\"",
      "Type": "String",
    },
    "AssetParameters1844bbdb93e08cb92a4d52801bf6ee3a64b4e070ae7ae780d62cd31e311a9cd1ArtifactHashB4E41DC1": Object {
      "Description": "Artifact hash for asset \\"1844bbdb93e08cb92a4d52801bf6ee3a64b4e070ae7ae780d62cd31e311a9cd1\\"",
      "Type": "String",
    },
    "AssetParameters1844bbdb93e08cb92a4d52801bf6ee3a64b4e070ae7ae780d62cd31e311a9cd1S3BucketFE4810BC": Object {
      "Description": "S3 bucket for asset \\"1844bbdb93e08cb92a4d52801bf6ee3a64b4e070ae7ae780d62cd31e311a9cd1\\"",
      "Type": "String",
    },
    "AssetParameters1844bbdb93e08cb92a4d52801bf6ee3a64b4e070ae7ae780d62cd31e311a9cd1S3VersionKeyABBC919A": Object {
      "Description": "S3 key for asset version \\"1844bbdb93e08cb92a4d52801bf6ee3a64b4e070ae7ae780d62cd31e311a9cd1\\"",
      "Type": "String",
    },
    "AssetParameters27077ee71797d4dc149af093f26693402f3fe065273b34b5d186f4cef893ff1dArtifactHashE31628B7": Object {
      "Description": "Artifact hash for asset \\"27077ee71797d4dc149af093f26693402f3fe065273b34b5d186f4cef893ff1d\\"",
      "Type": "String",
    },
    "AssetParameters27077ee71797d4dc149af093f26693402f3fe065273b34b5d186f4cef893ff1dS3BucketBBD175F8": Object {
      "Description": "S3 bucket for asset \\"27077ee71797d4dc149af093f26693402f3fe065273b34b5d186f4cef893ff1d\\"",
      "Type": "String",
    },
    "AssetParameters27077ee71797d4dc149af093f26693402f3fe065273b34b5d186f4cef893ff1dS3VersionKey7597E9D3": Object {
      "Description": "S3 key for asset version \\"27077ee71797d4dc149af093f26693402f3fe065273b34b5d186f4cef893ff1d\\"",
      "Type": "String",
    },
    "AssetParameters4cd61014b71160e8c66fe167e43710d5ba068b80b134e9bd84508cf9238b2392ArtifactHashE56CD69A": Object {
      "Description": "Artifact hash for asset \\"4cd61014b71160e8c66fe167e43710d5ba068b80b134e9bd84508cf9238b2392\\"",
      "Type": "String",
    },
    "AssetParameters4cd61014b71160e8c66fe167e43710d5ba068b80b134e9bd84508cf9238b2392S3BucketBF7A7F3F": Object {
      "Description": "S3 bucket for asset \\"4cd61014b71160e8c66fe167e43710d5ba068b80b134e9bd84508cf9238b2392\\"",
      "Type": "String",
    },
    "AssetParameters4cd61014b71160e8c66fe167e43710d5ba068b80b134e9bd84508cf9238b2392S3VersionKeyFAF93626": Object {
      "Description": "S3 key for asset version \\"4cd61014b71160e8c66fe167e43710d5ba068b80b134e9bd84508cf9238b2392\\"",
      "Type": "String",
    },
    "AssetParametersc24b999656e4fe6c609c31bae56a1cf4717a405619c3aa6ba1bc686b8c2c86cfArtifactHash85F58E48": Object {
      "Description": "Artifact hash for asset \\"c24b999656e4fe6c609c31bae56a1cf4717a405619c3aa6ba1bc686b8c2c86cf\\"",
      "Type": "String",
    },
    "AssetParametersc24b999656e4fe6c609c31bae56a1cf4717a405619c3aa6ba1bc686b8c2c86cfS3Bucket55EFA30C": Object {
      "Description": "S3 bucket for asset \\"c24b999656e4fe6c609c31bae56a1cf4717a405619c3aa6ba1bc686b8c2c86cf\\"",
      "Type": "String",
    },
    "AssetParametersc24b999656e4fe6c609c31bae56a1cf4717a405619c3aa6ba1bc686b8c2c86cfS3VersionKey60329B70": Object {
      "Description": "S3 key for asset version \\"c24b999656e4fe6c609c31bae56a1cf4717a405619c3aa6ba1bc686b8c2c86cf\\"",
      "Type": "String",
    },
    "AssetParameterse9882ab123687399f934da0d45effe675ecc8ce13b40cb946f3e1d6141fe8d68ArtifactHashD9A515C3": Object {
      "Description": "Artifact hash for asset \\"e9882ab123687399f934da0d45effe675ecc8ce13b40cb946f3e1d6141fe8d68\\"",
      "Type": "String",
    },
    "AssetParameterse9882ab123687399f934da0d45effe675ecc8ce13b40cb946f3e1d6141fe8d68S3BucketAEADE8C7": Object {
      "Description": "S3 bucket for asset \\"e9882ab123687399f934da0d45effe675ecc8ce13b40cb946f3e1d6141fe8d68\\"",
      "Type": "String",
    },
    "AssetParameterse9882ab123687399f934da0d45effe675ecc8ce13b40cb946f3e1d6141fe8d68S3VersionKeyE415415F": Object {
      "Description": "S3 key for asset version \\"e9882ab123687399f934da0d45effe675ecc8ce13b40cb946f3e1d6141fe8d68\\"",
      "Type": "String",
    },
  },
  "Resources": Object {
    "CloudFrontDistributionBA64CE3A": Object {
      "Properties": Object {
        "DistributionConfig": Object {
          "Comment": Object {
            "Fn::Join": Array [
              "",
              Array [
                "The CloudFront distribution based on ",
                Object {
                  "Fn::GetAtt": Array [
                    "ConvertQueryStringDemoNestedStackConvertQueryStringDemoNestedStackResource0583644D",
                    "Outputs.demostackConvertQueryStringDemoDemoBucketD53846ABRef",
                  ],
                },
              ],
            ],
          },
          "DefaultCacheBehavior": Object {
            "CachePolicyId": Object {
              "Ref": "DefaultCachePolicyDDFA5BDC",
            },
            "Compress": true,
            "LambdaFunctionAssociations": Array [
              Object {
                "EventType": "origin-request",
                "LambdaFunctionARN": Object {
                  "Ref": "ConvertQueryStringFuncCurrentVersion4FB275860ed3f1ce5c861e11b0fc1d71c330179e",
                },
              },
            ],
            "OriginRequestPolicyId": Object {
              "Ref": "RequestPolicyD134CC98",
            },
            "TargetOriginId": "demostackCloudFrontDistributionOrigin15405BC3B",
            "ViewerProtocolPolicy": "allow-all",
          },
          "Enabled": true,
          "HttpVersion": "http2",
          "IPV6Enabled": true,
          "Origins": Array [
            Object {
              "CustomOriginConfig": Object {
                "OriginProtocolPolicy": "http-only",
                "OriginSSLProtocols": Array [
                  "TLSv1.2",
                ],
              },
              "DomainName": Object {
                "Fn::Select": Array [
                  2,
                  Object {
                    "Fn::Split": Array [
                      "/",
                      Object {
                        "Fn::GetAtt": Array [
                          "ConvertQueryStringDemoNestedStackConvertQueryStringDemoNestedStackResource0583644D",
                          "Outputs.demostackConvertQueryStringDemoDemoBucketD53846ABWebsiteURL",
                        ],
                      },
                    ],
                  },
                ],
              },
              "Id": "demostackCloudFrontDistributionOrigin15405BC3B",
            },
          ],
          "PriceClass": "PriceClass_200",
        },
      },
      "Type": "AWS::CloudFront::Distribution",
    },
    "ConvertQueryStringDemoNestedStackConvertQueryStringDemoNestedStackResource0583644D": Object {
      "DeletionPolicy": "Delete",
      "Properties": Object {
        "Parameters": Object {
          "referencetodemostackAssetParameters27077ee71797d4dc149af093f26693402f3fe065273b34b5d186f4cef893ff1dS3Bucket8D1895E7Ref": Object {
            "Ref": "AssetParameters27077ee71797d4dc149af093f26693402f3fe065273b34b5d186f4cef893ff1dS3BucketBBD175F8",
          },
          "referencetodemostackAssetParameters27077ee71797d4dc149af093f26693402f3fe065273b34b5d186f4cef893ff1dS3VersionKey828E556CRef": Object {
            "Ref": "AssetParameters27077ee71797d4dc149af093f26693402f3fe065273b34b5d186f4cef893ff1dS3VersionKey7597E9D3",
          },
          "referencetodemostackAssetParameters4cd61014b71160e8c66fe167e43710d5ba068b80b134e9bd84508cf9238b2392S3BucketBF1D8B9CRef": Object {
            "Ref": "AssetParameters4cd61014b71160e8c66fe167e43710d5ba068b80b134e9bd84508cf9238b2392S3BucketBF7A7F3F",
          },
          "referencetodemostackAssetParameters4cd61014b71160e8c66fe167e43710d5ba068b80b134e9bd84508cf9238b2392S3VersionKey87066E2FRef": Object {
            "Ref": "AssetParameters4cd61014b71160e8c66fe167e43710d5ba068b80b134e9bd84508cf9238b2392S3VersionKeyFAF93626",
          },
          "referencetodemostackAssetParametersc24b999656e4fe6c609c31bae56a1cf4717a405619c3aa6ba1bc686b8c2c86cfS3Bucket24CC697DRef": Object {
            "Ref": "AssetParametersc24b999656e4fe6c609c31bae56a1cf4717a405619c3aa6ba1bc686b8c2c86cfS3Bucket55EFA30C",
          },
          "referencetodemostackAssetParametersc24b999656e4fe6c609c31bae56a1cf4717a405619c3aa6ba1bc686b8c2c86cfS3VersionKey7519508FRef": Object {
            "Ref": "AssetParametersc24b999656e4fe6c609c31bae56a1cf4717a405619c3aa6ba1bc686b8c2c86cfS3VersionKey60329B70",
          },
          "referencetodemostackAssetParameterse9882ab123687399f934da0d45effe675ecc8ce13b40cb946f3e1d6141fe8d68S3Bucket05F403B0Ref": Object {
            "Ref": "AssetParameterse9882ab123687399f934da0d45effe675ecc8ce13b40cb946f3e1d6141fe8d68S3BucketAEADE8C7",
          },
          "referencetodemostackAssetParameterse9882ab123687399f934da0d45effe675ecc8ce13b40cb946f3e1d6141fe8d68S3VersionKey95DC3028Ref": Object {
            "Ref": "AssetParameterse9882ab123687399f934da0d45effe675ecc8ce13b40cb946f3e1d6141fe8d68S3VersionKeyE415415F",
          },
        },
        "TemplateURL": Object {
          "Fn::Join": Array [
            "",
            Array [
              "https://s3.",
              Object {
                "Ref": "AWS::Region",
              },
              ".",
              Object {
                "Ref": "AWS::URLSuffix",
              },
              "/",
              Object {
                "Ref": "AssetParameters1844bbdb93e08cb92a4d52801bf6ee3a64b4e070ae7ae780d62cd31e311a9cd1S3BucketFE4810BC",
              },
              "/",
              Object {
                "Fn::Select": Array [
                  0,
                  Object {
                    "Fn::Split": Array [
                      "||",
                      Object {
                        "Ref": "AssetParameters1844bbdb93e08cb92a4d52801bf6ee3a64b4e070ae7ae780d62cd31e311a9cd1S3VersionKeyABBC919A",
                      },
                    ],
                  },
                ],
              },
              Object {
                "Fn::Select": Array [
                  1,
                  Object {
                    "Fn::Split": Array [
                      "||",
                      Object {
                        "Ref": "AssetParameters1844bbdb93e08cb92a4d52801bf6ee3a64b4e070ae7ae780d62cd31e311a9cd1S3VersionKeyABBC919A",
                      },
                    ],
                  },
                ],
              },
            ],
          ],
        },
      },
      "Type": "AWS::CloudFormation::Stack",
      "UpdateReplacePolicy": "Delete",
    },
    "ConvertQueryStringFuncCurrentVersion4FB275860ed3f1ce5c861e11b0fc1d71c330179e": Object {
      "Properties": Object {
        "FunctionName": Object {
          "Ref": "ConvertQueryStringFuncFA34B149",
        },
      },
      "Type": "AWS::Lambda::Version",
    },
    "ConvertQueryStringFuncFA34B149": Object {
      "DependsOn": Array [
        "ConvertQueryStringFuncServiceRoleC2C97826",
      ],
      "Properties": Object {
        "Code": Object {
          "S3Bucket": Object {
            "Ref": "AssetParameters0b92b49f05977070b95f7c4cca7037763ccb7a51eb2f0502d8daa507cbfbea32S3BucketF1B314A0",
          },
          "S3Key": Object {
            "Fn::Join": Array [
              "",
              Array [
                Object {
                  "Fn::Select": Array [
                    0,
                    Object {
                      "Fn::Split": Array [
                        "||",
                        Object {
                          "Ref": "AssetParameters0b92b49f05977070b95f7c4cca7037763ccb7a51eb2f0502d8daa507cbfbea32S3VersionKeyDDE30621",
                        },
                      ],
                    },
                  ],
                },
                Object {
                  "Fn::Select": Array [
                    1,
                    Object {
                      "Fn::Split": Array [
                        "||",
                        Object {
                          "Ref": "AssetParameters0b92b49f05977070b95f7c4cca7037763ccb7a51eb2f0502d8daa507cbfbea32S3VersionKeyDDE30621",
                        },
                      ],
                    },
                  ],
                },
              ],
            ],
          },
        },
        "Handler": "index.lambda_handler",
        "Role": Object {
          "Fn::GetAtt": Array [
            "ConvertQueryStringFuncServiceRoleC2C97826",
            "Arn",
          ],
        },
        "Runtime": "python3.8",
        "Timeout": 30,
      },
      "Type": "AWS::Lambda::Function",
    },
    "ConvertQueryStringFuncServiceRoleC2C97826": Object {
      "Properties": Object {
        "AssumeRolePolicyDocument": Object {
          "Statement": Array [
            Object {
              "Action": "sts:AssumeRole",
              "Effect": "Allow",
              "Principal": Object {
                "Service": "lambda.amazonaws.com",
              },
            },
            Object {
              "Action": "sts:AssumeRole",
              "Effect": "Allow",
              "Principal": Object {
                "Service": "edgelambda.amazonaws.com",
              },
            },
          ],
          "Version": "2012-10-17",
        },
        "ManagedPolicyArns": Array [
          Object {
            "Fn::Join": Array [
              "",
              Array [
                "arn:",
                Object {
                  "Ref": "AWS::Partition",
                },
                ":iam::aws:policy/service-role/AWSLambdaBasicExecutionRole",
              ],
            ],
          },
        ],
      },
      "Type": "AWS::IAM::Role",
    },
    "DefaultCachePolicyDDFA5BDC": Object {
      "Properties": Object {
        "CachePolicyConfig": Object {
          "DefaultTTL": 86400,
          "MaxTTL": 31536000,
          "MinTTL": 0,
          "Name": "ConvertQueryString-Cache-Policy",
          "ParametersInCacheKeyAndForwardedToOrigin": Object {
            "CookiesConfig": Object {
              "CookieBehavior": "none",
            },
            "EnableAcceptEncodingBrotli": false,
            "EnableAcceptEncodingGzip": false,
            "HeadersConfig": Object {
              "HeaderBehavior": "none",
            },
            "QueryStringsConfig": Object {
              "QueryStringBehavior": "all",
            },
          },
        },
      },
      "Type": "AWS::CloudFront::CachePolicy",
    },
    "RequestPolicyD134CC98": Object {
      "Properties": Object {
        "OriginRequestPolicyConfig": Object {
          "Comment": "just for demonstration.",
          "CookiesConfig": Object {
            "CookieBehavior": "none",
          },
          "HeadersConfig": Object {
            "HeaderBehavior": "none",
          },
          "Name": "ConvertQueryString-Request-Policy",
          "QueryStringsConfig": Object {
            "QueryStringBehavior": "all",
          },
        },
      },
      "Type": "AWS::CloudFront::OriginRequestPolicy",
    },
  },
}
`;
