// Jest Snapshot v1, https://goo.gl/fbAQLP

exports[`minimal usage 1`] = `
Object {
  "Outputs": Object {
    "distributionDomainName": Object {
      "Value": Object {
        "Fn::GetAtt": Array [
          "CloudFrontWebDistributionCFDistribution9F34B88B",
          "DomainName",
        ],
      },
    },
  },
  "Parameters": Object {
    "AssetParameters45e16bec6e76079901d727751cca4512f6f1dd90ecef5b93f11cd89ccd740212ArtifactHash8B67361B": Object {
      "Description": "Artifact hash for asset \\"45e16bec6e76079901d727751cca4512f6f1dd90ecef5b93f11cd89ccd740212\\"",
      "Type": "String",
    },
    "AssetParameters45e16bec6e76079901d727751cca4512f6f1dd90ecef5b93f11cd89ccd740212S3BucketBDF7A6FE": Object {
      "Description": "S3 bucket for asset \\"45e16bec6e76079901d727751cca4512f6f1dd90ecef5b93f11cd89ccd740212\\"",
      "Type": "String",
    },
    "AssetParameters45e16bec6e76079901d727751cca4512f6f1dd90ecef5b93f11cd89ccd740212S3VersionKey2A1F68B5": Object {
      "Description": "S3 key for asset version \\"45e16bec6e76079901d727751cca4512f6f1dd90ecef5b93f11cd89ccd740212\\"",
      "Type": "String",
    },
    "AssetParameters4cd61014b71160e8c66fe167e43710d5ba068b80b134e9bd84508cf9238b2392ArtifactHashE56CD69A": Object {
      "Description": "Artifact hash for asset \\"4cd61014b71160e8c66fe167e43710d5ba068b80b134e9bd84508cf9238b2392\\"",
      "Type": "String",
    },
    "AssetParameters4cd61014b71160e8c66fe167e43710d5ba068b80b134e9bd84508cf9238b2392S3BucketBF7A7F3F": Object {
      "Description": "S3 bucket for asset \\"4cd61014b71160e8c66fe167e43710d5ba068b80b134e9bd84508cf9238b2392\\"",
      "Type": "String",
    },
    "AssetParameters4cd61014b71160e8c66fe167e43710d5ba068b80b134e9bd84508cf9238b2392S3VersionKeyFAF93626": Object {
      "Description": "S3 key for asset version \\"4cd61014b71160e8c66fe167e43710d5ba068b80b134e9bd84508cf9238b2392\\"",
      "Type": "String",
    },
    "AssetParametersa36f7189f01ac9044e0fb78dadb4aee6ef55ead5a0675a559315f0adccac32d5ArtifactHash37265CDB": Object {
      "Description": "Artifact hash for asset \\"a36f7189f01ac9044e0fb78dadb4aee6ef55ead5a0675a559315f0adccac32d5\\"",
      "Type": "String",
    },
    "AssetParametersa36f7189f01ac9044e0fb78dadb4aee6ef55ead5a0675a559315f0adccac32d5S3Bucket869A8A57": Object {
      "Description": "S3 bucket for asset \\"a36f7189f01ac9044e0fb78dadb4aee6ef55ead5a0675a559315f0adccac32d5\\"",
      "Type": "String",
    },
    "AssetParametersa36f7189f01ac9044e0fb78dadb4aee6ef55ead5a0675a559315f0adccac32d5S3VersionKey339750B7": Object {
      "Description": "S3 key for asset version \\"a36f7189f01ac9044e0fb78dadb4aee6ef55ead5a0675a559315f0adccac32d5\\"",
      "Type": "String",
    },
    "AssetParametersc24b999656e4fe6c609c31bae56a1cf4717a405619c3aa6ba1bc686b8c2c86cfArtifactHash85F58E48": Object {
      "Description": "Artifact hash for asset \\"c24b999656e4fe6c609c31bae56a1cf4717a405619c3aa6ba1bc686b8c2c86cf\\"",
      "Type": "String",
    },
    "AssetParametersc24b999656e4fe6c609c31bae56a1cf4717a405619c3aa6ba1bc686b8c2c86cfS3Bucket55EFA30C": Object {
      "Description": "S3 bucket for asset \\"c24b999656e4fe6c609c31bae56a1cf4717a405619c3aa6ba1bc686b8c2c86cf\\"",
      "Type": "String",
    },
    "AssetParametersc24b999656e4fe6c609c31bae56a1cf4717a405619c3aa6ba1bc686b8c2c86cfS3VersionKey60329B70": Object {
      "Description": "S3 key for asset version \\"c24b999656e4fe6c609c31bae56a1cf4717a405619c3aa6ba1bc686b8c2c86cf\\"",
      "Type": "String",
    },
    "AssetParameterscc280cc16a4512b3035a8b650e9b3e0de3916a3fc82ad793b625bd85596bb548ArtifactHash78F7295A": Object {
      "Description": "Artifact hash for asset \\"cc280cc16a4512b3035a8b650e9b3e0de3916a3fc82ad793b625bd85596bb548\\"",
      "Type": "String",
    },
    "AssetParameterscc280cc16a4512b3035a8b650e9b3e0de3916a3fc82ad793b625bd85596bb548S3BucketDCB48930": Object {
      "Description": "S3 bucket for asset \\"cc280cc16a4512b3035a8b650e9b3e0de3916a3fc82ad793b625bd85596bb548\\"",
      "Type": "String",
    },
    "AssetParameterscc280cc16a4512b3035a8b650e9b3e0de3916a3fc82ad793b625bd85596bb548S3VersionKey757A172B": Object {
      "Description": "S3 key for asset version \\"cc280cc16a4512b3035a8b650e9b3e0de3916a3fc82ad793b625bd85596bb548\\"",
      "Type": "String",
    },
    "AssetParameterse9882ab123687399f934da0d45effe675ecc8ce13b40cb946f3e1d6141fe8d68ArtifactHashD9A515C3": Object {
      "Description": "Artifact hash for asset \\"e9882ab123687399f934da0d45effe675ecc8ce13b40cb946f3e1d6141fe8d68\\"",
      "Type": "String",
    },
    "AssetParameterse9882ab123687399f934da0d45effe675ecc8ce13b40cb946f3e1d6141fe8d68S3BucketAEADE8C7": Object {
      "Description": "S3 bucket for asset \\"e9882ab123687399f934da0d45effe675ecc8ce13b40cb946f3e1d6141fe8d68\\"",
      "Type": "String",
    },
    "AssetParameterse9882ab123687399f934da0d45effe675ecc8ce13b40cb946f3e1d6141fe8d68S3VersionKeyE415415F": Object {
      "Description": "S3 key for asset version \\"e9882ab123687399f934da0d45effe675ecc8ce13b40cb946f3e1d6141fe8d68\\"",
      "Type": "String",
    },
  },
  "Resources": Object {
    "CloudFrontWebDistributionCFDistribution9F34B88B": Object {
      "Properties": Object {
        "DistributionConfig": Object {
          "DefaultCacheBehavior": Object {
            "AllowedMethods": Array [
              "GET",
              "HEAD",
            ],
            "CachedMethods": Array [
              "GET",
              "HEAD",
            ],
            "Compress": true,
            "ForwardedValues": Object {
              "Cookies": Object {
                "Forward": "none",
              },
              "QueryString": false,
            },
            "LambdaFunctionAssociations": Array [
              Object {
                "EventType": "origin-request",
                "IncludeBody": false,
                "LambdaFunctionARN": Object {
                  "Ref": "DefaultDirIndexFuncCurrentVersion61C9343693b45fc224cd0541c75e9bf3c8fc4cee",
                },
              },
            ],
            "TargetOriginId": "origin1",
            "ViewerProtocolPolicy": "redirect-to-https",
          },
          "DefaultRootObject": "index.html",
          "Enabled": true,
          "HttpVersion": "http2",
          "IPV6Enabled": false,
          "Origins": Array [
            Object {
              "ConnectionAttempts": 3,
              "ConnectionTimeout": 10,
              "DomainName": Object {
                "Fn::GetAtt": Array [
                  "DefaultDirIndexDemoNestedStackDefaultDirIndexDemoNestedStackResource55AA5BD2",
                  "Outputs.demostackDefaultDirIndexDemodemoBucket154941C9RegionalDomainName",
                ],
              },
              "Id": "origin1",
              "S3OriginConfig": Object {
                "OriginAccessIdentity": Object {
                  "Fn::Join": Array [
                    "",
                    Array [
                      "origin-access-identity/cloudfront/",
                      Object {
                        "Fn::GetAtt": Array [
                          "DefaultDirIndexDemoNestedStackDefaultDirIndexDemoNestedStackResource55AA5BD2",
                          "Outputs.demostackDefaultDirIndexDemoOriginAccessIdentityD600ECC8Ref",
                        ],
                      },
                    ],
                  ],
                },
              },
            },
          ],
          "PriceClass": "PriceClass_100",
          "ViewerCertificate": Object {
            "CloudFrontDefaultCertificate": true,
          },
        },
      },
      "Type": "AWS::CloudFront::Distribution",
    },
    "DefaultDirIndexDemoNestedStackDefaultDirIndexDemoNestedStackResource55AA5BD2": Object {
      "DeletionPolicy": "Delete",
      "Properties": Object {
        "Parameters": Object {
          "referencetodemostackAssetParameters4cd61014b71160e8c66fe167e43710d5ba068b80b134e9bd84508cf9238b2392S3BucketBF1D8B9CRef": Object {
            "Ref": "AssetParameters4cd61014b71160e8c66fe167e43710d5ba068b80b134e9bd84508cf9238b2392S3BucketBF7A7F3F",
          },
          "referencetodemostackAssetParameters4cd61014b71160e8c66fe167e43710d5ba068b80b134e9bd84508cf9238b2392S3VersionKey87066E2FRef": Object {
            "Ref": "AssetParameters4cd61014b71160e8c66fe167e43710d5ba068b80b134e9bd84508cf9238b2392S3VersionKeyFAF93626",
          },
          "referencetodemostackAssetParametersa36f7189f01ac9044e0fb78dadb4aee6ef55ead5a0675a559315f0adccac32d5S3Bucket81035457Ref": Object {
            "Ref": "AssetParametersa36f7189f01ac9044e0fb78dadb4aee6ef55ead5a0675a559315f0adccac32d5S3Bucket869A8A57",
          },
          "referencetodemostackAssetParametersa36f7189f01ac9044e0fb78dadb4aee6ef55ead5a0675a559315f0adccac32d5S3VersionKeyD9B9A1E3Ref": Object {
            "Ref": "AssetParametersa36f7189f01ac9044e0fb78dadb4aee6ef55ead5a0675a559315f0adccac32d5S3VersionKey339750B7",
          },
          "referencetodemostackAssetParametersc24b999656e4fe6c609c31bae56a1cf4717a405619c3aa6ba1bc686b8c2c86cfS3Bucket24CC697DRef": Object {
            "Ref": "AssetParametersc24b999656e4fe6c609c31bae56a1cf4717a405619c3aa6ba1bc686b8c2c86cfS3Bucket55EFA30C",
          },
          "referencetodemostackAssetParametersc24b999656e4fe6c609c31bae56a1cf4717a405619c3aa6ba1bc686b8c2c86cfS3VersionKey7519508FRef": Object {
            "Ref": "AssetParametersc24b999656e4fe6c609c31bae56a1cf4717a405619c3aa6ba1bc686b8c2c86cfS3VersionKey60329B70",
          },
          "referencetodemostackAssetParameterse9882ab123687399f934da0d45effe675ecc8ce13b40cb946f3e1d6141fe8d68S3Bucket05F403B0Ref": Object {
            "Ref": "AssetParameterse9882ab123687399f934da0d45effe675ecc8ce13b40cb946f3e1d6141fe8d68S3BucketAEADE8C7",
          },
          "referencetodemostackAssetParameterse9882ab123687399f934da0d45effe675ecc8ce13b40cb946f3e1d6141fe8d68S3VersionKey95DC3028Ref": Object {
            "Ref": "AssetParameterse9882ab123687399f934da0d45effe675ecc8ce13b40cb946f3e1d6141fe8d68S3VersionKeyE415415F",
          },
        },
        "TemplateURL": Object {
          "Fn::Join": Array [
            "",
            Array [
              "https://s3.",
              Object {
                "Ref": "AWS::Region",
              },
              ".",
              Object {
                "Ref": "AWS::URLSuffix",
              },
              "/",
              Object {
                "Ref": "AssetParameters45e16bec6e76079901d727751cca4512f6f1dd90ecef5b93f11cd89ccd740212S3BucketBDF7A6FE",
              },
              "/",
              Object {
                "Fn::Select": Array [
                  0,
                  Object {
                    "Fn::Split": Array [
                      "||",
                      Object {
                        "Ref": "AssetParameters45e16bec6e76079901d727751cca4512f6f1dd90ecef5b93f11cd89ccd740212S3VersionKey2A1F68B5",
                      },
                    ],
                  },
                ],
              },
              Object {
                "Fn::Select": Array [
                  1,
                  Object {
                    "Fn::Split": Array [
                      "||",
                      Object {
                        "Ref": "AssetParameters45e16bec6e76079901d727751cca4512f6f1dd90ecef5b93f11cd89ccd740212S3VersionKey2A1F68B5",
                      },
                    ],
                  },
                ],
              },
            ],
          ],
        },
      },
      "Type": "AWS::CloudFormation::Stack",
      "UpdateReplacePolicy": "Delete",
    },
    "DefaultDirIndexFuncCurrentVersion61C9343693b45fc224cd0541c75e9bf3c8fc4cee": Object {
      "Properties": Object {
        "FunctionName": Object {
          "Ref": "DefaultDirIndexFuncE3589D1E",
        },
      },
      "Type": "AWS::Lambda::Version",
    },
    "DefaultDirIndexFuncE3589D1E": Object {
      "DependsOn": Array [
        "DefaultDirIndexFuncServiceRole6AB4262B",
      ],
      "Properties": Object {
        "Code": Object {
          "S3Bucket": Object {
            "Ref": "AssetParameterscc280cc16a4512b3035a8b650e9b3e0de3916a3fc82ad793b625bd85596bb548S3BucketDCB48930",
          },
          "S3Key": Object {
            "Fn::Join": Array [
              "",
              Array [
                Object {
                  "Fn::Select": Array [
                    0,
                    Object {
                      "Fn::Split": Array [
                        "||",
                        Object {
                          "Ref": "AssetParameterscc280cc16a4512b3035a8b650e9b3e0de3916a3fc82ad793b625bd85596bb548S3VersionKey757A172B",
                        },
                      ],
                    },
                  ],
                },
                Object {
                  "Fn::Select": Array [
                    1,
                    Object {
                      "Fn::Split": Array [
                        "||",
                        Object {
                          "Ref": "AssetParameterscc280cc16a4512b3035a8b650e9b3e0de3916a3fc82ad793b625bd85596bb548S3VersionKey757A172B",
                        },
                      ],
                    },
                  ],
                },
              ],
            ],
          },
        },
        "Handler": "index.handler",
        "Role": Object {
          "Fn::GetAtt": Array [
            "DefaultDirIndexFuncServiceRole6AB4262B",
            "Arn",
          ],
        },
        "Runtime": "nodejs14.x",
      },
      "Type": "AWS::Lambda::Function",
    },
    "DefaultDirIndexFuncServiceRole6AB4262B": Object {
      "Properties": Object {
        "AssumeRolePolicyDocument": Object {
          "Statement": Array [
            Object {
              "Action": "sts:AssumeRole",
              "Effect": "Allow",
              "Principal": Object {
                "Service": "lambda.amazonaws.com",
              },
            },
            Object {
              "Action": "sts:AssumeRole",
              "Effect": "Allow",
              "Principal": Object {
                "Service": "edgelambda.amazonaws.com",
              },
            },
          ],
          "Version": "2012-10-17",
        },
        "ManagedPolicyArns": Array [
          Object {
            "Fn::Join": Array [
              "",
              Array [
                "arn:",
                Object {
                  "Ref": "AWS::Partition",
                },
                ":iam::aws:policy/service-role/AWSLambdaBasicExecutionRole",
              ],
            ],
          },
        ],
      },
      "Type": "AWS::IAM::Role",
    },
  },
}
`;
