// Jest Snapshot v1, https://goo.gl/fbAQLP

exports[`minimal usage 1`] = `
Object {
  "Outputs": Object {
    "distributionDomainName": Object {
      "Value": Object {
        "Fn::GetAtt": Array [
          "CloudFrontWebDistributionCFDistribution9F34B88B",
          "DomainName",
        ],
      },
    },
  },
  "Parameters": Object {
    "AssetParameters4cd61014b71160e8c66fe167e43710d5ba068b80b134e9bd84508cf9238b2392ArtifactHashE56CD69A": Object {
      "Description": "Artifact hash for asset \\"4cd61014b71160e8c66fe167e43710d5ba068b80b134e9bd84508cf9238b2392\\"",
      "Type": "String",
    },
    "AssetParameters4cd61014b71160e8c66fe167e43710d5ba068b80b134e9bd84508cf9238b2392S3BucketBF7A7F3F": Object {
      "Description": "S3 bucket for asset \\"4cd61014b71160e8c66fe167e43710d5ba068b80b134e9bd84508cf9238b2392\\"",
      "Type": "String",
    },
    "AssetParameters4cd61014b71160e8c66fe167e43710d5ba068b80b134e9bd84508cf9238b2392S3VersionKeyFAF93626": Object {
      "Description": "S3 key for asset version \\"4cd61014b71160e8c66fe167e43710d5ba068b80b134e9bd84508cf9238b2392\\"",
      "Type": "String",
    },
    "AssetParameters5669eda8936477b16d1d781f75de03b622a7a97d369bd5075cdb70c7cf2ea0a0ArtifactHash8C4EADEB": Object {
      "Description": "Artifact hash for asset \\"5669eda8936477b16d1d781f75de03b622a7a97d369bd5075cdb70c7cf2ea0a0\\"",
      "Type": "String",
    },
    "AssetParameters5669eda8936477b16d1d781f75de03b622a7a97d369bd5075cdb70c7cf2ea0a0S3Bucket3A657569": Object {
      "Description": "S3 bucket for asset \\"5669eda8936477b16d1d781f75de03b622a7a97d369bd5075cdb70c7cf2ea0a0\\"",
      "Type": "String",
    },
    "AssetParameters5669eda8936477b16d1d781f75de03b622a7a97d369bd5075cdb70c7cf2ea0a0S3VersionKeyD42D140B": Object {
      "Description": "S3 key for asset version \\"5669eda8936477b16d1d781f75de03b622a7a97d369bd5075cdb70c7cf2ea0a0\\"",
      "Type": "String",
    },
    "AssetParameters844a3d657437488a6fe27a2ef751f41134e30ff77eb3626b885f7fd39ea1e61fArtifactHashA527B95C": Object {
      "Description": "Artifact hash for asset \\"844a3d657437488a6fe27a2ef751f41134e30ff77eb3626b885f7fd39ea1e61f\\"",
      "Type": "String",
    },
    "AssetParameters844a3d657437488a6fe27a2ef751f41134e30ff77eb3626b885f7fd39ea1e61fS3Bucket8C861A8F": Object {
      "Description": "S3 bucket for asset \\"844a3d657437488a6fe27a2ef751f41134e30ff77eb3626b885f7fd39ea1e61f\\"",
      "Type": "String",
    },
    "AssetParameters844a3d657437488a6fe27a2ef751f41134e30ff77eb3626b885f7fd39ea1e61fS3VersionKeyDA9863C3": Object {
      "Description": "S3 key for asset version \\"844a3d657437488a6fe27a2ef751f41134e30ff77eb3626b885f7fd39ea1e61f\\"",
      "Type": "String",
    },
    "AssetParametersc24b999656e4fe6c609c31bae56a1cf4717a405619c3aa6ba1bc686b8c2c86cfArtifactHash85F58E48": Object {
      "Description": "Artifact hash for asset \\"c24b999656e4fe6c609c31bae56a1cf4717a405619c3aa6ba1bc686b8c2c86cf\\"",
      "Type": "String",
    },
    "AssetParametersc24b999656e4fe6c609c31bae56a1cf4717a405619c3aa6ba1bc686b8c2c86cfS3Bucket55EFA30C": Object {
      "Description": "S3 bucket for asset \\"c24b999656e4fe6c609c31bae56a1cf4717a405619c3aa6ba1bc686b8c2c86cf\\"",
      "Type": "String",
    },
    "AssetParametersc24b999656e4fe6c609c31bae56a1cf4717a405619c3aa6ba1bc686b8c2c86cfS3VersionKey60329B70": Object {
      "Description": "S3 key for asset version \\"c24b999656e4fe6c609c31bae56a1cf4717a405619c3aa6ba1bc686b8c2c86cf\\"",
      "Type": "String",
    },
    "AssetParametersc3e844cf8202ba4ce6dc84d73753812904381d535b6b530f41836ef325f53c4aArtifactHashDB4E2D0A": Object {
      "Description": "Artifact hash for asset \\"c3e844cf8202ba4ce6dc84d73753812904381d535b6b530f41836ef325f53c4a\\"",
      "Type": "String",
    },
    "AssetParametersc3e844cf8202ba4ce6dc84d73753812904381d535b6b530f41836ef325f53c4aS3Bucket3E6E562B": Object {
      "Description": "S3 bucket for asset \\"c3e844cf8202ba4ce6dc84d73753812904381d535b6b530f41836ef325f53c4a\\"",
      "Type": "String",
    },
    "AssetParametersc3e844cf8202ba4ce6dc84d73753812904381d535b6b530f41836ef325f53c4aS3VersionKeyB9E0DB07": Object {
      "Description": "S3 key for asset version \\"c3e844cf8202ba4ce6dc84d73753812904381d535b6b530f41836ef325f53c4a\\"",
      "Type": "String",
    },
    "AssetParameterse9882ab123687399f934da0d45effe675ecc8ce13b40cb946f3e1d6141fe8d68ArtifactHashD9A515C3": Object {
      "Description": "Artifact hash for asset \\"e9882ab123687399f934da0d45effe675ecc8ce13b40cb946f3e1d6141fe8d68\\"",
      "Type": "String",
    },
    "AssetParameterse9882ab123687399f934da0d45effe675ecc8ce13b40cb946f3e1d6141fe8d68S3BucketAEADE8C7": Object {
      "Description": "S3 bucket for asset \\"e9882ab123687399f934da0d45effe675ecc8ce13b40cb946f3e1d6141fe8d68\\"",
      "Type": "String",
    },
    "AssetParameterse9882ab123687399f934da0d45effe675ecc8ce13b40cb946f3e1d6141fe8d68S3VersionKeyE415415F": Object {
      "Description": "S3 key for asset version \\"e9882ab123687399f934da0d45effe675ecc8ce13b40cb946f3e1d6141fe8d68\\"",
      "Type": "String",
    },
  },
  "Resources": Object {
    "CloudFrontWebDistributionCFDistribution9F34B88B": Object {
      "Properties": Object {
        "DistributionConfig": Object {
          "DefaultCacheBehavior": Object {
            "AllowedMethods": Array [
              "GET",
              "HEAD",
            ],
            "CachedMethods": Array [
              "GET",
              "HEAD",
            ],
            "Compress": true,
            "ForwardedValues": Object {
              "Cookies": Object {
                "Forward": "none",
              },
              "QueryString": false,
            },
            "LambdaFunctionAssociations": Array [
              Object {
                "EventType": "origin-request",
                "IncludeBody": false,
                "LambdaFunctionARN": Object {
                  "Ref": "DefaultDirIndexFuncCurrentVersion61C934367319e2ee8e68fee60f04764644690803",
                },
              },
            ],
            "TargetOriginId": "origin1",
            "ViewerProtocolPolicy": "redirect-to-https",
          },
          "DefaultRootObject": "index.html",
          "Enabled": true,
          "HttpVersion": "http2",
          "IPV6Enabled": false,
          "Origins": Array [
            Object {
              "ConnectionAttempts": 3,
              "ConnectionTimeout": 10,
              "DomainName": Object {
                "Fn::GetAtt": Array [
                  "DefaultDirIndexDemoNestedStackDefaultDirIndexDemoNestedStackResource55AA5BD2",
                  "Outputs.demostackDefaultDirIndexDemodemoBucket154941C9RegionalDomainName",
                ],
              },
              "Id": "origin1",
              "S3OriginConfig": Object {
                "OriginAccessIdentity": Object {
                  "Fn::Join": Array [
                    "",
                    Array [
                      "origin-access-identity/cloudfront/",
                      Object {
                        "Fn::GetAtt": Array [
                          "DefaultDirIndexDemoNestedStackDefaultDirIndexDemoNestedStackResource55AA5BD2",
                          "Outputs.demostackDefaultDirIndexDemoOriginAccessIdentityD600ECC8Ref",
                        ],
                      },
                    ],
                  ],
                },
              },
            },
          ],
          "PriceClass": "PriceClass_100",
          "ViewerCertificate": Object {
            "CloudFrontDefaultCertificate": true,
          },
        },
      },
      "Type": "AWS::CloudFront::Distribution",
    },
    "DefaultDirIndexDemoNestedStackDefaultDirIndexDemoNestedStackResource55AA5BD2": Object {
      "DeletionPolicy": "Delete",
      "Properties": Object {
        "Parameters": Object {
          "referencetodemostackAssetParameters4cd61014b71160e8c66fe167e43710d5ba068b80b134e9bd84508cf9238b2392S3BucketBF1D8B9CRef": Object {
            "Ref": "AssetParameters4cd61014b71160e8c66fe167e43710d5ba068b80b134e9bd84508cf9238b2392S3BucketBF7A7F3F",
          },
          "referencetodemostackAssetParameters4cd61014b71160e8c66fe167e43710d5ba068b80b134e9bd84508cf9238b2392S3VersionKey87066E2FRef": Object {
            "Ref": "AssetParameters4cd61014b71160e8c66fe167e43710d5ba068b80b134e9bd84508cf9238b2392S3VersionKeyFAF93626",
          },
          "referencetodemostackAssetParametersc24b999656e4fe6c609c31bae56a1cf4717a405619c3aa6ba1bc686b8c2c86cfS3Bucket24CC697DRef": Object {
            "Ref": "AssetParametersc24b999656e4fe6c609c31bae56a1cf4717a405619c3aa6ba1bc686b8c2c86cfS3Bucket55EFA30C",
          },
          "referencetodemostackAssetParametersc24b999656e4fe6c609c31bae56a1cf4717a405619c3aa6ba1bc686b8c2c86cfS3VersionKey7519508FRef": Object {
            "Ref": "AssetParametersc24b999656e4fe6c609c31bae56a1cf4717a405619c3aa6ba1bc686b8c2c86cfS3VersionKey60329B70",
          },
          "referencetodemostackAssetParametersc3e844cf8202ba4ce6dc84d73753812904381d535b6b530f41836ef325f53c4aS3Bucket9DF982E9Ref": Object {
            "Ref": "AssetParametersc3e844cf8202ba4ce6dc84d73753812904381d535b6b530f41836ef325f53c4aS3Bucket3E6E562B",
          },
          "referencetodemostackAssetParametersc3e844cf8202ba4ce6dc84d73753812904381d535b6b530f41836ef325f53c4aS3VersionKey8B89FD3ARef": Object {
            "Ref": "AssetParametersc3e844cf8202ba4ce6dc84d73753812904381d535b6b530f41836ef325f53c4aS3VersionKeyB9E0DB07",
          },
          "referencetodemostackAssetParameterse9882ab123687399f934da0d45effe675ecc8ce13b40cb946f3e1d6141fe8d68S3Bucket05F403B0Ref": Object {
            "Ref": "AssetParameterse9882ab123687399f934da0d45effe675ecc8ce13b40cb946f3e1d6141fe8d68S3BucketAEADE8C7",
          },
          "referencetodemostackAssetParameterse9882ab123687399f934da0d45effe675ecc8ce13b40cb946f3e1d6141fe8d68S3VersionKey95DC3028Ref": Object {
            "Ref": "AssetParameterse9882ab123687399f934da0d45effe675ecc8ce13b40cb946f3e1d6141fe8d68S3VersionKeyE415415F",
          },
        },
        "TemplateURL": Object {
          "Fn::Join": Array [
            "",
            Array [
              "https://s3.",
              Object {
                "Ref": "AWS::Region",
              },
              ".",
              Object {
                "Ref": "AWS::URLSuffix",
              },
              "/",
              Object {
                "Ref": "AssetParameters844a3d657437488a6fe27a2ef751f41134e30ff77eb3626b885f7fd39ea1e61fS3Bucket8C861A8F",
              },
              "/",
              Object {
                "Fn::Select": Array [
                  0,
                  Object {
                    "Fn::Split": Array [
                      "||",
                      Object {
                        "Ref": "AssetParameters844a3d657437488a6fe27a2ef751f41134e30ff77eb3626b885f7fd39ea1e61fS3VersionKeyDA9863C3",
                      },
                    ],
                  },
                ],
              },
              Object {
                "Fn::Select": Array [
                  1,
                  Object {
                    "Fn::Split": Array [
                      "||",
                      Object {
                        "Ref": "AssetParameters844a3d657437488a6fe27a2ef751f41134e30ff77eb3626b885f7fd39ea1e61fS3VersionKeyDA9863C3",
                      },
                    ],
                  },
                ],
              },
            ],
          ],
        },
      },
      "Type": "AWS::CloudFormation::Stack",
      "UpdateReplacePolicy": "Delete",
    },
    "DefaultDirIndexFuncCurrentVersion61C934367319e2ee8e68fee60f04764644690803": Object {
      "Properties": Object {
        "FunctionName": Object {
          "Ref": "DefaultDirIndexFuncE3589D1E",
        },
      },
      "Type": "AWS::Lambda::Version",
    },
    "DefaultDirIndexFuncE3589D1E": Object {
      "DependsOn": Array [
        "DefaultDirIndexFuncServiceRole6AB4262B",
      ],
      "Properties": Object {
        "Code": Object {
          "S3Bucket": Object {
            "Ref": "AssetParameters5669eda8936477b16d1d781f75de03b622a7a97d369bd5075cdb70c7cf2ea0a0S3Bucket3A657569",
          },
          "S3Key": Object {
            "Fn::Join": Array [
              "",
              Array [
                Object {
                  "Fn::Select": Array [
                    0,
                    Object {
                      "Fn::Split": Array [
                        "||",
                        Object {
                          "Ref": "AssetParameters5669eda8936477b16d1d781f75de03b622a7a97d369bd5075cdb70c7cf2ea0a0S3VersionKeyD42D140B",
                        },
                      ],
                    },
                  ],
                },
                Object {
                  "Fn::Select": Array [
                    1,
                    Object {
                      "Fn::Split": Array [
                        "||",
                        Object {
                          "Ref": "AssetParameters5669eda8936477b16d1d781f75de03b622a7a97d369bd5075cdb70c7cf2ea0a0S3VersionKeyD42D140B",
                        },
                      ],
                    },
                  ],
                },
              ],
            ],
          },
        },
        "Handler": "index.handler",
        "Role": Object {
          "Fn::GetAtt": Array [
            "DefaultDirIndexFuncServiceRole6AB4262B",
            "Arn",
          ],
        },
        "Runtime": "nodejs14.x",
      },
      "Type": "AWS::Lambda::Function",
    },
    "DefaultDirIndexFuncServiceRole6AB4262B": Object {
      "Properties": Object {
        "AssumeRolePolicyDocument": Object {
          "Statement": Array [
            Object {
              "Action": "sts:AssumeRole",
              "Effect": "Allow",
              "Principal": Object {
                "Service": "lambda.amazonaws.com",
              },
            },
            Object {
              "Action": "sts:AssumeRole",
              "Effect": "Allow",
              "Principal": Object {
                "Service": "edgelambda.amazonaws.com",
              },
            },
          ],
          "Version": "2012-10-17",
        },
        "ManagedPolicyArns": Array [
          Object {
            "Fn::Join": Array [
              "",
              Array [
                "arn:",
                Object {
                  "Ref": "AWS::Partition",
                },
                ":iam::aws:policy/service-role/AWSLambdaBasicExecutionRole",
              ],
            ],
          },
        ],
      },
      "Type": "AWS::IAM::Role",
    },
  },
}
`;
