// Jest Snapshot v1, https://goo.gl/fbAQLP

exports[`minimal usage 1`] = `
Object {
  "Outputs": Object {
    "distributionDomainName": Object {
      "Value": Object {
        "Fn::GetAtt": Array [
          "distributionCFDistribution99A57736",
          "DomainName",
        ],
      },
    },
  },
  "Parameters": Object {
    "AssetParameters309662985cfeb5893d5e545ec9a33a0b9069e7a16c6daa49edebe622ba62a373ArtifactHashFB5BEE24": Object {
      "Description": "Artifact hash for asset \\"309662985cfeb5893d5e545ec9a33a0b9069e7a16c6daa49edebe622ba62a373\\"",
      "Type": "String",
    },
    "AssetParameters309662985cfeb5893d5e545ec9a33a0b9069e7a16c6daa49edebe622ba62a373S3BucketA51C857B": Object {
      "Description": "S3 bucket for asset \\"309662985cfeb5893d5e545ec9a33a0b9069e7a16c6daa49edebe622ba62a373\\"",
      "Type": "String",
    },
    "AssetParameters309662985cfeb5893d5e545ec9a33a0b9069e7a16c6daa49edebe622ba62a373S3VersionKey40EC10D3": Object {
      "Description": "S3 key for asset version \\"309662985cfeb5893d5e545ec9a33a0b9069e7a16c6daa49edebe622ba62a373\\"",
      "Type": "String",
    },
    "AssetParameters4cd61014b71160e8c66fe167e43710d5ba068b80b134e9bd84508cf9238b2392ArtifactHashE56CD69A": Object {
      "Description": "Artifact hash for asset \\"4cd61014b71160e8c66fe167e43710d5ba068b80b134e9bd84508cf9238b2392\\"",
      "Type": "String",
    },
    "AssetParameters4cd61014b71160e8c66fe167e43710d5ba068b80b134e9bd84508cf9238b2392S3BucketBF7A7F3F": Object {
      "Description": "S3 bucket for asset \\"4cd61014b71160e8c66fe167e43710d5ba068b80b134e9bd84508cf9238b2392\\"",
      "Type": "String",
    },
    "AssetParameters4cd61014b71160e8c66fe167e43710d5ba068b80b134e9bd84508cf9238b2392S3VersionKeyFAF93626": Object {
      "Description": "S3 key for asset version \\"4cd61014b71160e8c66fe167e43710d5ba068b80b134e9bd84508cf9238b2392\\"",
      "Type": "String",
    },
    "AssetParametersa469bbed5c9042743cfd3afac7d8ea5fc0b85b2cf2b2e3ab0800a32be360f1f5ArtifactHash2D20D482": Object {
      "Description": "Artifact hash for asset \\"a469bbed5c9042743cfd3afac7d8ea5fc0b85b2cf2b2e3ab0800a32be360f1f5\\"",
      "Type": "String",
    },
    "AssetParametersa469bbed5c9042743cfd3afac7d8ea5fc0b85b2cf2b2e3ab0800a32be360f1f5S3Bucket3600E69A": Object {
      "Description": "S3 bucket for asset \\"a469bbed5c9042743cfd3afac7d8ea5fc0b85b2cf2b2e3ab0800a32be360f1f5\\"",
      "Type": "String",
    },
    "AssetParametersa469bbed5c9042743cfd3afac7d8ea5fc0b85b2cf2b2e3ab0800a32be360f1f5S3VersionKeyF50304A9": Object {
      "Description": "S3 key for asset version \\"a469bbed5c9042743cfd3afac7d8ea5fc0b85b2cf2b2e3ab0800a32be360f1f5\\"",
      "Type": "String",
    },
    "AssetParametersb790099645594306233f68c0795856b41f29dea0e7249ac3788a1b9fb4db0c52ArtifactHash65E3792B": Object {
      "Description": "Artifact hash for asset \\"b790099645594306233f68c0795856b41f29dea0e7249ac3788a1b9fb4db0c52\\"",
      "Type": "String",
    },
    "AssetParametersb790099645594306233f68c0795856b41f29dea0e7249ac3788a1b9fb4db0c52S3Bucket0BA766FC": Object {
      "Description": "S3 bucket for asset \\"b790099645594306233f68c0795856b41f29dea0e7249ac3788a1b9fb4db0c52\\"",
      "Type": "String",
    },
    "AssetParametersb790099645594306233f68c0795856b41f29dea0e7249ac3788a1b9fb4db0c52S3VersionKey77187BFE": Object {
      "Description": "S3 key for asset version \\"b790099645594306233f68c0795856b41f29dea0e7249ac3788a1b9fb4db0c52\\"",
      "Type": "String",
    },
    "AssetParametersc24b999656e4fe6c609c31bae56a1cf4717a405619c3aa6ba1bc686b8c2c86cfArtifactHash85F58E48": Object {
      "Description": "Artifact hash for asset \\"c24b999656e4fe6c609c31bae56a1cf4717a405619c3aa6ba1bc686b8c2c86cf\\"",
      "Type": "String",
    },
    "AssetParametersc24b999656e4fe6c609c31bae56a1cf4717a405619c3aa6ba1bc686b8c2c86cfS3Bucket55EFA30C": Object {
      "Description": "S3 bucket for asset \\"c24b999656e4fe6c609c31bae56a1cf4717a405619c3aa6ba1bc686b8c2c86cf\\"",
      "Type": "String",
    },
    "AssetParametersc24b999656e4fe6c609c31bae56a1cf4717a405619c3aa6ba1bc686b8c2c86cfS3VersionKey60329B70": Object {
      "Description": "S3 key for asset version \\"c24b999656e4fe6c609c31bae56a1cf4717a405619c3aa6ba1bc686b8c2c86cf\\"",
      "Type": "String",
    },
    "AssetParameterse9882ab123687399f934da0d45effe675ecc8ce13b40cb946f3e1d6141fe8d68ArtifactHashD9A515C3": Object {
      "Description": "Artifact hash for asset \\"e9882ab123687399f934da0d45effe675ecc8ce13b40cb946f3e1d6141fe8d68\\"",
      "Type": "String",
    },
    "AssetParameterse9882ab123687399f934da0d45effe675ecc8ce13b40cb946f3e1d6141fe8d68S3BucketAEADE8C7": Object {
      "Description": "S3 bucket for asset \\"e9882ab123687399f934da0d45effe675ecc8ce13b40cb946f3e1d6141fe8d68\\"",
      "Type": "String",
    },
    "AssetParameterse9882ab123687399f934da0d45effe675ecc8ce13b40cb946f3e1d6141fe8d68S3VersionKeyE415415F": Object {
      "Description": "S3 key for asset version \\"e9882ab123687399f934da0d45effe675ecc8ce13b40cb946f3e1d6141fe8d68\\"",
      "Type": "String",
    },
  },
  "Resources": Object {
    "CustomErrorPageFuncCA5B64E8": Object {
      "DependsOn": Array [
        "CustomErrorPageFuncServiceRole2995DCAA",
      ],
      "Properties": Object {
        "Code": Object {
          "S3Bucket": Object {
            "Ref": "AssetParametersb790099645594306233f68c0795856b41f29dea0e7249ac3788a1b9fb4db0c52S3Bucket0BA766FC",
          },
          "S3Key": Object {
            "Fn::Join": Array [
              "",
              Array [
                Object {
                  "Fn::Select": Array [
                    0,
                    Object {
                      "Fn::Split": Array [
                        "||",
                        Object {
                          "Ref": "AssetParametersb790099645594306233f68c0795856b41f29dea0e7249ac3788a1b9fb4db0c52S3VersionKey77187BFE",
                        },
                      ],
                    },
                  ],
                },
                Object {
                  "Fn::Select": Array [
                    1,
                    Object {
                      "Fn::Split": Array [
                        "||",
                        Object {
                          "Ref": "AssetParametersb790099645594306233f68c0795856b41f29dea0e7249ac3788a1b9fb4db0c52S3VersionKey77187BFE",
                        },
                      ],
                    },
                  ],
                },
              ],
            ],
          },
        },
        "Handler": "index.handler",
        "Role": Object {
          "Fn::GetAtt": Array [
            "CustomErrorPageFuncServiceRole2995DCAA",
            "Arn",
          ],
        },
        "Runtime": "nodejs14.x",
      },
      "Type": "AWS::Lambda::Function",
    },
    "CustomErrorPageFuncCurrentVersion76C88CF06853a2a4d7e352547914df7a818d26b9": Object {
      "Properties": Object {
        "FunctionName": Object {
          "Ref": "CustomErrorPageFuncCA5B64E8",
        },
      },
      "Type": "AWS::Lambda::Version",
    },
    "CustomErrorPageFuncServiceRole2995DCAA": Object {
      "Properties": Object {
        "AssumeRolePolicyDocument": Object {
          "Statement": Array [
            Object {
              "Action": "sts:AssumeRole",
              "Effect": "Allow",
              "Principal": Object {
                "Service": "lambda.amazonaws.com",
              },
            },
            Object {
              "Action": "sts:AssumeRole",
              "Effect": "Allow",
              "Principal": Object {
                "Service": "edgelambda.amazonaws.com",
              },
            },
          ],
          "Version": "2012-10-17",
        },
        "ManagedPolicyArns": Array [
          Object {
            "Fn::Join": Array [
              "",
              Array [
                "arn:",
                Object {
                  "Ref": "AWS::Partition",
                },
                ":iam::aws:policy/service-role/AWSLambdaBasicExecutionRole",
              ],
            ],
          },
        ],
      },
      "Type": "AWS::IAM::Role",
    },
    "CustomErrorPageNestedStackCustomErrorPageNestedStackResource5229F8E2": Object {
      "DeletionPolicy": "Delete",
      "Properties": Object {
        "Parameters": Object {
          "referencetodemostackAssetParameters4cd61014b71160e8c66fe167e43710d5ba068b80b134e9bd84508cf9238b2392S3BucketBF1D8B9CRef": Object {
            "Ref": "AssetParameters4cd61014b71160e8c66fe167e43710d5ba068b80b134e9bd84508cf9238b2392S3BucketBF7A7F3F",
          },
          "referencetodemostackAssetParameters4cd61014b71160e8c66fe167e43710d5ba068b80b134e9bd84508cf9238b2392S3VersionKey87066E2FRef": Object {
            "Ref": "AssetParameters4cd61014b71160e8c66fe167e43710d5ba068b80b134e9bd84508cf9238b2392S3VersionKeyFAF93626",
          },
          "referencetodemostackAssetParametersa469bbed5c9042743cfd3afac7d8ea5fc0b85b2cf2b2e3ab0800a32be360f1f5S3BucketE752BB25Ref": Object {
            "Ref": "AssetParametersa469bbed5c9042743cfd3afac7d8ea5fc0b85b2cf2b2e3ab0800a32be360f1f5S3Bucket3600E69A",
          },
          "referencetodemostackAssetParametersa469bbed5c9042743cfd3afac7d8ea5fc0b85b2cf2b2e3ab0800a32be360f1f5S3VersionKey0BF3F7C5Ref": Object {
            "Ref": "AssetParametersa469bbed5c9042743cfd3afac7d8ea5fc0b85b2cf2b2e3ab0800a32be360f1f5S3VersionKeyF50304A9",
          },
          "referencetodemostackAssetParametersc24b999656e4fe6c609c31bae56a1cf4717a405619c3aa6ba1bc686b8c2c86cfS3Bucket24CC697DRef": Object {
            "Ref": "AssetParametersc24b999656e4fe6c609c31bae56a1cf4717a405619c3aa6ba1bc686b8c2c86cfS3Bucket55EFA30C",
          },
          "referencetodemostackAssetParametersc24b999656e4fe6c609c31bae56a1cf4717a405619c3aa6ba1bc686b8c2c86cfS3VersionKey7519508FRef": Object {
            "Ref": "AssetParametersc24b999656e4fe6c609c31bae56a1cf4717a405619c3aa6ba1bc686b8c2c86cfS3VersionKey60329B70",
          },
          "referencetodemostackAssetParameterse9882ab123687399f934da0d45effe675ecc8ce13b40cb946f3e1d6141fe8d68S3Bucket05F403B0Ref": Object {
            "Ref": "AssetParameterse9882ab123687399f934da0d45effe675ecc8ce13b40cb946f3e1d6141fe8d68S3BucketAEADE8C7",
          },
          "referencetodemostackAssetParameterse9882ab123687399f934da0d45effe675ecc8ce13b40cb946f3e1d6141fe8d68S3VersionKey95DC3028Ref": Object {
            "Ref": "AssetParameterse9882ab123687399f934da0d45effe675ecc8ce13b40cb946f3e1d6141fe8d68S3VersionKeyE415415F",
          },
        },
        "TemplateURL": Object {
          "Fn::Join": Array [
            "",
            Array [
              "https://s3.",
              Object {
                "Ref": "AWS::Region",
              },
              ".",
              Object {
                "Ref": "AWS::URLSuffix",
              },
              "/",
              Object {
                "Ref": "AssetParameters309662985cfeb5893d5e545ec9a33a0b9069e7a16c6daa49edebe622ba62a373S3BucketA51C857B",
              },
              "/",
              Object {
                "Fn::Select": Array [
                  0,
                  Object {
                    "Fn::Split": Array [
                      "||",
                      Object {
                        "Ref": "AssetParameters309662985cfeb5893d5e545ec9a33a0b9069e7a16c6daa49edebe622ba62a373S3VersionKey40EC10D3",
                      },
                    ],
                  },
                ],
              },
              Object {
                "Fn::Select": Array [
                  1,
                  Object {
                    "Fn::Split": Array [
                      "||",
                      Object {
                        "Ref": "AssetParameters309662985cfeb5893d5e545ec9a33a0b9069e7a16c6daa49edebe622ba62a373S3VersionKey40EC10D3",
                      },
                    ],
                  },
                ],
              },
            ],
          ],
        },
      },
      "Type": "AWS::CloudFormation::Stack",
      "UpdateReplacePolicy": "Delete",
    },
    "distributionCFDistribution99A57736": Object {
      "Properties": Object {
        "DistributionConfig": Object {
          "DefaultCacheBehavior": Object {
            "AllowedMethods": Array [
              "GET",
              "HEAD",
            ],
            "CachedMethods": Array [
              "GET",
              "HEAD",
            ],
            "Compress": true,
            "DefaultTTL": 10,
            "ForwardedValues": Object {
              "Cookies": Object {
                "Forward": "none",
              },
              "QueryString": false,
            },
            "LambdaFunctionAssociations": Array [
              Object {
                "EventType": "origin-response",
                "IncludeBody": false,
                "LambdaFunctionARN": Object {
                  "Ref": "CustomErrorPageFuncCurrentVersion76C88CF06853a2a4d7e352547914df7a818d26b9",
                },
              },
            ],
            "TargetOriginId": "origin1",
            "ViewerProtocolPolicy": "redirect-to-https",
          },
          "DefaultRootObject": "index.html",
          "Enabled": true,
          "HttpVersion": "http2",
          "IPV6Enabled": true,
          "Origins": Array [
            Object {
              "ConnectionAttempts": 3,
              "ConnectionTimeout": 10,
              "DomainName": Object {
                "Fn::GetAtt": Array [
                  "CustomErrorPageNestedStackCustomErrorPageNestedStackResource5229F8E2",
                  "Outputs.demostackCustomErrorPagedemoBucketE1FE2EC9RegionalDomainName",
                ],
              },
              "Id": "origin1",
              "S3OriginConfig": Object {
                "OriginAccessIdentity": Object {
                  "Fn::Join": Array [
                    "",
                    Array [
                      "origin-access-identity/cloudfront/",
                      Object {
                        "Fn::GetAtt": Array [
                          "CustomErrorPageNestedStackCustomErrorPageNestedStackResource5229F8E2",
                          "Outputs.demostackCustomErrorPageOriginAccessIdentityDA9AFBCARef",
                        ],
                      },
                    ],
                  ],
                },
              },
            },
          ],
          "PriceClass": "PriceClass_100",
          "ViewerCertificate": Object {
            "CloudFrontDefaultCertificate": true,
          },
        },
      },
      "Type": "AWS::CloudFront::Distribution",
    },
  },
}
`;
