// Jest Snapshot v1, https://goo.gl/fbAQLP

exports[`minimal usage 1`] = `
Object {
  "Outputs": Object {
    "distributionDomainName": Object {
      "Value": Object {
        "Fn::GetAtt": Array [
          "distributionCFDistribution99A57736",
          "DomainName",
        ],
      },
    },
  },
  "Parameters": Object {
    "AssetParameters37d87bf186f8e1dd17f016af83edb2fa6dec21aabc13ac262b17ec5da8504ac0ArtifactHash1D8A836E": Object {
      "Description": "Artifact hash for asset \\"37d87bf186f8e1dd17f016af83edb2fa6dec21aabc13ac262b17ec5da8504ac0\\"",
      "Type": "String",
    },
    "AssetParameters37d87bf186f8e1dd17f016af83edb2fa6dec21aabc13ac262b17ec5da8504ac0S3Bucket6C7342E1": Object {
      "Description": "S3 bucket for asset \\"37d87bf186f8e1dd17f016af83edb2fa6dec21aabc13ac262b17ec5da8504ac0\\"",
      "Type": "String",
    },
    "AssetParameters37d87bf186f8e1dd17f016af83edb2fa6dec21aabc13ac262b17ec5da8504ac0S3VersionKeyB0D2B70F": Object {
      "Description": "S3 key for asset version \\"37d87bf186f8e1dd17f016af83edb2fa6dec21aabc13ac262b17ec5da8504ac0\\"",
      "Type": "String",
    },
    "AssetParameters4cd61014b71160e8c66fe167e43710d5ba068b80b134e9bd84508cf9238b2392ArtifactHashE56CD69A": Object {
      "Description": "Artifact hash for asset \\"4cd61014b71160e8c66fe167e43710d5ba068b80b134e9bd84508cf9238b2392\\"",
      "Type": "String",
    },
    "AssetParameters4cd61014b71160e8c66fe167e43710d5ba068b80b134e9bd84508cf9238b2392S3BucketBF7A7F3F": Object {
      "Description": "S3 bucket for asset \\"4cd61014b71160e8c66fe167e43710d5ba068b80b134e9bd84508cf9238b2392\\"",
      "Type": "String",
    },
    "AssetParameters4cd61014b71160e8c66fe167e43710d5ba068b80b134e9bd84508cf9238b2392S3VersionKeyFAF93626": Object {
      "Description": "S3 key for asset version \\"4cd61014b71160e8c66fe167e43710d5ba068b80b134e9bd84508cf9238b2392\\"",
      "Type": "String",
    },
    "AssetParameters5f1b1cb8c366cfc4668f3543029978768b72ac5ffed37f675565b2e9f7419d18ArtifactHashB7EACBF0": Object {
      "Description": "Artifact hash for asset \\"5f1b1cb8c366cfc4668f3543029978768b72ac5ffed37f675565b2e9f7419d18\\"",
      "Type": "String",
    },
    "AssetParameters5f1b1cb8c366cfc4668f3543029978768b72ac5ffed37f675565b2e9f7419d18S3BucketCC4E0F47": Object {
      "Description": "S3 bucket for asset \\"5f1b1cb8c366cfc4668f3543029978768b72ac5ffed37f675565b2e9f7419d18\\"",
      "Type": "String",
    },
    "AssetParameters5f1b1cb8c366cfc4668f3543029978768b72ac5ffed37f675565b2e9f7419d18S3VersionKey284D347E": Object {
      "Description": "S3 key for asset version \\"5f1b1cb8c366cfc4668f3543029978768b72ac5ffed37f675565b2e9f7419d18\\"",
      "Type": "String",
    },
    "AssetParametersa36f7189f01ac9044e0fb78dadb4aee6ef55ead5a0675a559315f0adccac32d5ArtifactHash37265CDB": Object {
      "Description": "Artifact hash for asset \\"a36f7189f01ac9044e0fb78dadb4aee6ef55ead5a0675a559315f0adccac32d5\\"",
      "Type": "String",
    },
    "AssetParametersa36f7189f01ac9044e0fb78dadb4aee6ef55ead5a0675a559315f0adccac32d5S3Bucket869A8A57": Object {
      "Description": "S3 bucket for asset \\"a36f7189f01ac9044e0fb78dadb4aee6ef55ead5a0675a559315f0adccac32d5\\"",
      "Type": "String",
    },
    "AssetParametersa36f7189f01ac9044e0fb78dadb4aee6ef55ead5a0675a559315f0adccac32d5S3VersionKey339750B7": Object {
      "Description": "S3 key for asset version \\"a36f7189f01ac9044e0fb78dadb4aee6ef55ead5a0675a559315f0adccac32d5\\"",
      "Type": "String",
    },
    "AssetParametersc24b999656e4fe6c609c31bae56a1cf4717a405619c3aa6ba1bc686b8c2c86cfArtifactHash85F58E48": Object {
      "Description": "Artifact hash for asset \\"c24b999656e4fe6c609c31bae56a1cf4717a405619c3aa6ba1bc686b8c2c86cf\\"",
      "Type": "String",
    },
    "AssetParametersc24b999656e4fe6c609c31bae56a1cf4717a405619c3aa6ba1bc686b8c2c86cfS3Bucket55EFA30C": Object {
      "Description": "S3 bucket for asset \\"c24b999656e4fe6c609c31bae56a1cf4717a405619c3aa6ba1bc686b8c2c86cf\\"",
      "Type": "String",
    },
    "AssetParametersc24b999656e4fe6c609c31bae56a1cf4717a405619c3aa6ba1bc686b8c2c86cfS3VersionKey60329B70": Object {
      "Description": "S3 key for asset version \\"c24b999656e4fe6c609c31bae56a1cf4717a405619c3aa6ba1bc686b8c2c86cf\\"",
      "Type": "String",
    },
    "AssetParameterse9882ab123687399f934da0d45effe675ecc8ce13b40cb946f3e1d6141fe8d68ArtifactHashD9A515C3": Object {
      "Description": "Artifact hash for asset \\"e9882ab123687399f934da0d45effe675ecc8ce13b40cb946f3e1d6141fe8d68\\"",
      "Type": "String",
    },
    "AssetParameterse9882ab123687399f934da0d45effe675ecc8ce13b40cb946f3e1d6141fe8d68S3BucketAEADE8C7": Object {
      "Description": "S3 bucket for asset \\"e9882ab123687399f934da0d45effe675ecc8ce13b40cb946f3e1d6141fe8d68\\"",
      "Type": "String",
    },
    "AssetParameterse9882ab123687399f934da0d45effe675ecc8ce13b40cb946f3e1d6141fe8d68S3VersionKeyE415415F": Object {
      "Description": "S3 key for asset version \\"e9882ab123687399f934da0d45effe675ecc8ce13b40cb946f3e1d6141fe8d68\\"",
      "Type": "String",
    },
  },
  "Resources": Object {
    "CustomErrorPageFuncCA5B64E8": Object {
      "DependsOn": Array [
        "CustomErrorPageFuncServiceRole2995DCAA",
      ],
      "Properties": Object {
        "Code": Object {
          "S3Bucket": Object {
            "Ref": "AssetParameters5f1b1cb8c366cfc4668f3543029978768b72ac5ffed37f675565b2e9f7419d18S3BucketCC4E0F47",
          },
          "S3Key": Object {
            "Fn::Join": Array [
              "",
              Array [
                Object {
                  "Fn::Select": Array [
                    0,
                    Object {
                      "Fn::Split": Array [
                        "||",
                        Object {
                          "Ref": "AssetParameters5f1b1cb8c366cfc4668f3543029978768b72ac5ffed37f675565b2e9f7419d18S3VersionKey284D347E",
                        },
                      ],
                    },
                  ],
                },
                Object {
                  "Fn::Select": Array [
                    1,
                    Object {
                      "Fn::Split": Array [
                        "||",
                        Object {
                          "Ref": "AssetParameters5f1b1cb8c366cfc4668f3543029978768b72ac5ffed37f675565b2e9f7419d18S3VersionKey284D347E",
                        },
                      ],
                    },
                  ],
                },
              ],
            ],
          },
        },
        "Handler": "index.handler",
        "Role": Object {
          "Fn::GetAtt": Array [
            "CustomErrorPageFuncServiceRole2995DCAA",
            "Arn",
          ],
        },
        "Runtime": "nodejs14.x",
      },
      "Type": "AWS::Lambda::Function",
    },
    "CustomErrorPageFuncCurrentVersion76C88CF07397acb1c252c2b8275be9fd39da8f2c": Object {
      "Properties": Object {
        "FunctionName": Object {
          "Ref": "CustomErrorPageFuncCA5B64E8",
        },
      },
      "Type": "AWS::Lambda::Version",
    },
    "CustomErrorPageFuncServiceRole2995DCAA": Object {
      "Properties": Object {
        "AssumeRolePolicyDocument": Object {
          "Statement": Array [
            Object {
              "Action": "sts:AssumeRole",
              "Effect": "Allow",
              "Principal": Object {
                "Service": "lambda.amazonaws.com",
              },
            },
            Object {
              "Action": "sts:AssumeRole",
              "Effect": "Allow",
              "Principal": Object {
                "Service": "edgelambda.amazonaws.com",
              },
            },
          ],
          "Version": "2012-10-17",
        },
        "ManagedPolicyArns": Array [
          Object {
            "Fn::Join": Array [
              "",
              Array [
                "arn:",
                Object {
                  "Ref": "AWS::Partition",
                },
                ":iam::aws:policy/service-role/AWSLambdaBasicExecutionRole",
              ],
            ],
          },
        ],
      },
      "Type": "AWS::IAM::Role",
    },
    "CustomErrorPageNestedStackCustomErrorPageNestedStackResource5229F8E2": Object {
      "DeletionPolicy": "Delete",
      "Properties": Object {
        "Parameters": Object {
          "referencetodemostackAssetParameters4cd61014b71160e8c66fe167e43710d5ba068b80b134e9bd84508cf9238b2392S3BucketBF1D8B9CRef": Object {
            "Ref": "AssetParameters4cd61014b71160e8c66fe167e43710d5ba068b80b134e9bd84508cf9238b2392S3BucketBF7A7F3F",
          },
          "referencetodemostackAssetParameters4cd61014b71160e8c66fe167e43710d5ba068b80b134e9bd84508cf9238b2392S3VersionKey87066E2FRef": Object {
            "Ref": "AssetParameters4cd61014b71160e8c66fe167e43710d5ba068b80b134e9bd84508cf9238b2392S3VersionKeyFAF93626",
          },
          "referencetodemostackAssetParametersa36f7189f01ac9044e0fb78dadb4aee6ef55ead5a0675a559315f0adccac32d5S3Bucket81035457Ref": Object {
            "Ref": "AssetParametersa36f7189f01ac9044e0fb78dadb4aee6ef55ead5a0675a559315f0adccac32d5S3Bucket869A8A57",
          },
          "referencetodemostackAssetParametersa36f7189f01ac9044e0fb78dadb4aee6ef55ead5a0675a559315f0adccac32d5S3VersionKeyD9B9A1E3Ref": Object {
            "Ref": "AssetParametersa36f7189f01ac9044e0fb78dadb4aee6ef55ead5a0675a559315f0adccac32d5S3VersionKey339750B7",
          },
          "referencetodemostackAssetParametersc24b999656e4fe6c609c31bae56a1cf4717a405619c3aa6ba1bc686b8c2c86cfS3Bucket24CC697DRef": Object {
            "Ref": "AssetParametersc24b999656e4fe6c609c31bae56a1cf4717a405619c3aa6ba1bc686b8c2c86cfS3Bucket55EFA30C",
          },
          "referencetodemostackAssetParametersc24b999656e4fe6c609c31bae56a1cf4717a405619c3aa6ba1bc686b8c2c86cfS3VersionKey7519508FRef": Object {
            "Ref": "AssetParametersc24b999656e4fe6c609c31bae56a1cf4717a405619c3aa6ba1bc686b8c2c86cfS3VersionKey60329B70",
          },
          "referencetodemostackAssetParameterse9882ab123687399f934da0d45effe675ecc8ce13b40cb946f3e1d6141fe8d68S3Bucket05F403B0Ref": Object {
            "Ref": "AssetParameterse9882ab123687399f934da0d45effe675ecc8ce13b40cb946f3e1d6141fe8d68S3BucketAEADE8C7",
          },
          "referencetodemostackAssetParameterse9882ab123687399f934da0d45effe675ecc8ce13b40cb946f3e1d6141fe8d68S3VersionKey95DC3028Ref": Object {
            "Ref": "AssetParameterse9882ab123687399f934da0d45effe675ecc8ce13b40cb946f3e1d6141fe8d68S3VersionKeyE415415F",
          },
        },
        "TemplateURL": Object {
          "Fn::Join": Array [
            "",
            Array [
              "https://s3.",
              Object {
                "Ref": "AWS::Region",
              },
              ".",
              Object {
                "Ref": "AWS::URLSuffix",
              },
              "/",
              Object {
                "Ref": "AssetParameters37d87bf186f8e1dd17f016af83edb2fa6dec21aabc13ac262b17ec5da8504ac0S3Bucket6C7342E1",
              },
              "/",
              Object {
                "Fn::Select": Array [
                  0,
                  Object {
                    "Fn::Split": Array [
                      "||",
                      Object {
                        "Ref": "AssetParameters37d87bf186f8e1dd17f016af83edb2fa6dec21aabc13ac262b17ec5da8504ac0S3VersionKeyB0D2B70F",
                      },
                    ],
                  },
                ],
              },
              Object {
                "Fn::Select": Array [
                  1,
                  Object {
                    "Fn::Split": Array [
                      "||",
                      Object {
                        "Ref": "AssetParameters37d87bf186f8e1dd17f016af83edb2fa6dec21aabc13ac262b17ec5da8504ac0S3VersionKeyB0D2B70F",
                      },
                    ],
                  },
                ],
              },
            ],
          ],
        },
      },
      "Type": "AWS::CloudFormation::Stack",
      "UpdateReplacePolicy": "Delete",
    },
    "distributionCFDistribution99A57736": Object {
      "Properties": Object {
        "DistributionConfig": Object {
          "DefaultCacheBehavior": Object {
            "AllowedMethods": Array [
              "GET",
              "HEAD",
            ],
            "CachedMethods": Array [
              "GET",
              "HEAD",
            ],
            "Compress": true,
            "DefaultTTL": 10,
            "ForwardedValues": Object {
              "Cookies": Object {
                "Forward": "none",
              },
              "QueryString": false,
            },
            "LambdaFunctionAssociations": Array [
              Object {
                "EventType": "origin-response",
                "IncludeBody": false,
                "LambdaFunctionARN": Object {
                  "Ref": "CustomErrorPageFuncCurrentVersion76C88CF07397acb1c252c2b8275be9fd39da8f2c",
                },
              },
            ],
            "TargetOriginId": "origin1",
            "ViewerProtocolPolicy": "redirect-to-https",
          },
          "DefaultRootObject": "index.html",
          "Enabled": true,
          "HttpVersion": "http2",
          "IPV6Enabled": true,
          "Origins": Array [
            Object {
              "ConnectionAttempts": 3,
              "ConnectionTimeout": 10,
              "DomainName": Object {
                "Fn::GetAtt": Array [
                  "CustomErrorPageNestedStackCustomErrorPageNestedStackResource5229F8E2",
                  "Outputs.demostackCustomErrorPagedemoBucketE1FE2EC9RegionalDomainName",
                ],
              },
              "Id": "origin1",
              "S3OriginConfig": Object {
                "OriginAccessIdentity": Object {
                  "Fn::Join": Array [
                    "",
                    Array [
                      "origin-access-identity/cloudfront/",
                      Object {
                        "Fn::GetAtt": Array [
                          "CustomErrorPageNestedStackCustomErrorPageNestedStackResource5229F8E2",
                          "Outputs.demostackCustomErrorPageOriginAccessIdentityDA9AFBCARef",
                        ],
                      },
                    ],
                  ],
                },
              },
            },
          ],
          "PriceClass": "PriceClass_100",
          "ViewerCertificate": Object {
            "CloudFrontDefaultCertificate": true,
          },
        },
      },
      "Type": "AWS::CloudFront::Distribution",
    },
  },
}
`;
